
> parking-frontend@0.1.0 test:coverage
> vitest run --coverage --no-file-parallelism


[1m[7m[36m RUN [39m[27m[22m [36mv2.1.9 [39m[90mC:/tmp/pk-shell73/frontend[39m
      [2mCoverage enabled with [22m[33mv8[39m

 [32m✓[39m src/pages/FloorPlanPage.test.tsx [2m([22m[2m19 tests[22m[2m)[22m[33m 17555[2mms[22m[39m
   [33m[2m✓[22m[39m FloorPlanPage[2m > [22mshould_render_a_marker_per_placed_desk_when_plan_loads [33m1756[2mms[22m[39m
   [33m[2m✓[22m[39m FloorPlanPage[2m > [22mshould_position_marker_by_percentage_coordinates_when_rendering [33m965[2mms[22m[39m
   [33m[2m✓[22m[39m FloorPlanPage[2m > [22mshould_color_marker_by_state_when_rendering [33m1275[2mms[22m[39m
   [33m[2m✓[22m[39m FloorPlanPage[2m > [22mshould_distinguish_executive_desks_visually_when_rendering [33m967[2mms[22m[39m
   [33m[2m✓[22m[39m FloorPlanPage[2m > [22mshould_list_unplaced_desks_apart_when_desk_has_no_coordinates [33m430[2mms[22m[39m
   [33m[2m✓[22m[39m FloorPlanPage[2m > [22mshould_reload_plan_with_new_date_when_date_selector_changes [33m785[2mms[22m[39m
   [33m[2m✓[22m[39m FloorPlanPage[2m > [22mshould_show_success_feedback_when_requesting_a_free_desk [33m1277[2mms[22m[39m
   [33m[2m✓[22m[39m FloorPlanPage[2m > [22mshould_show_conflict_feedback_when_requesting_a_non_free_desk_returns_409 [33m1027[2mms[22m[39m
   [33m[2m✓[22m[39m FloorPlanPage[2m > [22mshould_show_spinner_while_plan_is_loading [33m456[2mms[22m[39m
   [33m[2m✓[22m[39m FloorPlanPage[2m > [22mshould_prompt_for_valid_date_when_date_is_cleared [33m836[2mms[22m[39m
   [33m[2m✓[22m[39m FloorPlanPage[2m > [22mshould_not_show_edit_toggle_when_user_is_employee [33m1025[2mms[22m[39m
   [33m[2m✓[22m[39m FloorPlanPage[2m > [22mshould_show_edit_toggle_when_user_is_admin [33m659[2mms[22m[39m
   [33m[2m✓[22m[39m FloorPlanPage[2m > [22mshould_persist_new_position_when_admin_drags_a_marker [33m1374[2mms[22m[39m
   [33m[2m✓[22m[39m FloorPlanPage[2m > [22mshould_request_a_free_desk_from_the_mobile_list [33m817[2mms[22m[39m
   [33m[2m✓[22m[39m FloorPlanPage[2m > [22mshould_show_conflict_feedback_from_the_mobile_list_on_409 [33m601[2mms[22m[39m
   [33m[2m✓[22m[39m FloorPlanPage[2m > [22mshould_dim_non_matching_markers_when_a_state_filter_is_active [33m1030[2mms[22m[39m
   [33m[2m✓[22m[39m FloorPlanPage[2m > [22mshould_navigate_dates_with_the_datebar [33m892[2mms[22m[39m
   [33m[2m✓[22m[39m FloorPlanPage[2m > [22mshould_not_request_desk_when_admin_is_in_edit_mode [33m1092[2mms[22m[39m
 [32m✓[39m src/pages/VisitorsPage.test.tsx [2m([22m[2m12 tests[22m[2m)[22m[33m 13327[2mms[22m[39m
   [33m[2m✓[22m[39m VisitorsPage (ADMIN)[2m > [22mshould_render_visitor_rows_when_list_loads [33m1559[2mms[22m[39m
   [33m[2m✓[22m[39m VisitorsPage (ADMIN)[2m > [22mshould_request_with_q_when_searching_by_national_id_or_name [33m1196[2mms[22m[39m
   [33m[2m✓[22m[39m VisitorsPage (ADMIN)[2m > [22mshould_open_create_form_when_clicking_new_visitor [33m1032[2mms[22m[39m
   [33m[2m✓[22m[39m VisitorsPage (ADMIN)[2m > [22mshould_open_edit_form_prefilled_when_clicking_edit [33m1124[2mms[22m[39m
   [33m[2m✓[22m[39m VisitorsPage (ADMIN)[2m > [22mshould_open_detail_when_clicking_view [33m1012[2mms[22m[39m
   [33m[2m✓[22m[39m VisitorsPage (ADMIN)[2m > [22mshould_render_reservations_when_switching_to_reservations_tab [33m1298[2mms[22m[39m
   [33m[2m✓[22m[39m VisitorsPage (ADMIN)[2m > [22mshould_disable_cancel_when_reservation_is_past [33m894[2mms[22m[39m
   [33m[2m✓[22m[39m VisitorsPage (ADMIN)[2m > [22mshould_open_new_reservation_modal_when_clicking_new_reservation [33m1903[2mms[22m[39m
   [33m[2m✓[22m[39m VisitorsPage (ADMIN)[2m > [22mshould_change_page_when_navigating_visitors_pagination [33m532[2mms[22m[39m
   [33m[2m✓[22m[39m VisitorsPage (ADMIN)[2m > [22mshould_change_page_when_navigating_reservations_pagination [33m822[2mms[22m[39m
   [33m[2m✓[22m[39m VisitorsPage (ADMIN)[2m > [22mshould_cancel_future_reservation_when_confirming [33m1644[2mms[22m[39m
 [32m✓[39m src/pages/PendingRequestsPage.test.tsx [2m([22m[2m9 tests[22m[2m)[22m[33m 15757[2mms[22m[39m
   [33m[2m✓[22m[39m PendingRequestsPage (ADMIN)[2m > [22mshould_list_pending_in_fifo_order_when_admin_lists_pending [33m2157[2mms[22m[39m
   [33m[2m✓[22m[39m PendingRequestsPage (ADMIN)[2m > [22mshould_approve_request_when_space_available [33m2580[2mms[22m[39m
   [33m[2m✓[22m[39m PendingRequestsPage (ADMIN)[2m > [22mshould_require_space_when_approve_submitted_without_selection [33m1184[2mms[22m[39m
   [33m[2m✓[22m[39m PendingRequestsPage (ADMIN)[2m > [22mshould_return_409_when_approve_space_not_available [33m1750[2mms[22m[39m
   [33m[2m✓[22m[39m PendingRequestsPage (ADMIN)[2m > [22mshould_reject_request_when_reason_code_from_catalog [33m1849[2mms[22m[39m
   [33m[2m✓[22m[39m PendingRequestsPage (ADMIN)[2m > [22mshould_return_400_when_reject_other_without_free_text [33m1264[2mms[22m[39m
   [33m[2m✓[22m[39m PendingRequestsPage (ADMIN)[2m > [22mshould_reject_with_free_text_when_reason_is_other [33m2946[2mms[22m[39m
   [33m[2m✓[22m[39m PendingRequestsPage (ADMIN)[2m > [22mshould_show_reject_invalid_toast_when_reject_returns_400 [33m1441[2mms[22m[39m
   [33m[2m✓[22m[39m PendingRequestsPage (ADMIN)[2m > [22mshould_render_pagination_when_more_than_one_page [33m554[2mms[22m[39m
 [32m✓[39m src/pages/FixedAssignmentsPage.test.tsx [2m([22m[2m10 tests[22m[2m)[22m[33m 15635[2mms[22m[39m
   [33m[2m✓[22m[39m FixedAssignmentsPage (ADMIN)[2m > [22mshould_list_active_assignments_grouped_when_admin_opens_view [33m1452[2mms[22m[39m
   [33m[2m✓[22m[39m FixedAssignmentsPage (ADMIN)[2m > [22mshould_save_and_close_when_admin_submits_valid_assignment [33m3237[2mms[22m[39m
   [33m[2m✓[22m[39m FixedAssignmentsPage (ADMIN)[2m > [22mshould_show_conflict_toast_when_put_returns_409 [33m2160[2mms[22m[39m
   [33m[2m✓[22m[39m FixedAssignmentsPage (ADMIN)[2m > [22mshould_show_invalid_days_toast_when_put_returns_400 [33m2029[2mms[22m[39m
   [33m[2m✓[22m[39m FixedAssignmentsPage (ADMIN)[2m > [22mshould_block_submit_and_show_error_when_no_day_selected [33m1321[2mms[22m[39m
   [33m[2m✓[22m[39m FixedAssignmentsPage (ADMIN)[2m > [22mshould_require_employee_when_submitting_empty_form [33m844[2mms[22m[39m
   [33m[2m✓[22m[39m FixedAssignmentsPage (ADMIN)[2m > [22mshould_require_space_when_only_employee_selected [33m1389[2mms[22m[39m
   [33m[2m✓[22m[39m FixedAssignmentsPage (ADMIN)[2m > [22mshould_show_generic_toast_when_put_fails_with_server_error [33m1626[2mms[22m[39m
   [33m[2m✓[22m[39m FixedAssignmentsPage (ADMIN)[2m > [22mshould_revoke_when_admin_confirms_revocation [33m1130[2mms[22m[39m
   [33m[2m✓[22m[39m FixedAssignmentsPage (ADMIN)[2m > [22mshould_render_pagination_when_more_than_one_page [33m400[2mms[22m[39m
 [32m✓[39m src/pages/EmployeesPage.test.tsx [2m([22m[2m9 tests[22m[2m)[22m[33m 7978[2mms[22m[39m
   [33m[2m✓[22m[39m EmployeesPage[2m > [22mshould_render_employee_rows_when_list_loads [33m1970[2mms[22m[39m
   [33m[2m✓[22m[39m EmployeesPage[2m > [22mshould_request_with_q_and_filter_when_searching [33m1185[2mms[22m[39m
   [33m[2m✓[22m[39m EmployeesPage[2m > [22mshould_call_deactivate_when_deactivating_active_employee [33m875[2mms[22m[39m
   [33m[2m✓[22m[39m EmployeesPage[2m > [22mshould_call_reactivate_when_reactivating_inactive_employee [33m868[2mms[22m[39m
   [33m[2m✓[22m[39m EmployeesPage[2m > [22mshould_request_csv_export_when_clicking_export [33m533[2mms[22m[39m
   [33m[2m✓[22m[39m EmployeesPage[2m > [22mshould_open_reset_password_modal_when_clicking_reset [33m778[2mms[22m[39m
   [33m[2m✓[22m[39m EmployeesPage[2m > [22mshould_open_edit_form_prefilled_when_clicking_edit [33m959[2mms[22m[39m
   [33m[2m✓[22m[39m EmployeesPage[2m > [22mshould_change_page_when_clicking_next_on_multipage_result [33m528[2mms[22m[39m
 [32m✓[39m src/pages/MyRequestsPage.test.tsx [2m([22m[2m8 tests[22m[2m)[22m[33m 11959[2mms[22m[39m
   [33m[2m✓[22m[39m MyRequestsPage (EMPLOYEE)[2m > [22mshould_list_only_own_requests_when_employee_lists_mine [33m1972[2mms[22m[39m
   [33m[2m✓[22m[39m MyRequestsPage (EMPLOYEE)[2m > [22mshould_create_pending_request_when_date_within_window [33m2780[2mms[22m[39m
   [33m[2m✓[22m[39m MyRequestsPage (EMPLOYEE)[2m > [22mshould_return_400_outside_window_when_create_rejected_by_server [33m2264[2mms[22m[39m
   [33m[2m✓[22m[39m MyRequestsPage (EMPLOYEE)[2m > [22mshould_return_409_already_pending_when_duplicate_request_for_same_date [33m1591[2mms[22m[39m
   [33m[2m✓[22m[39m MyRequestsPage (EMPLOYEE)[2m > [22mshould_block_create_and_show_error_when_no_date_selected [33m1043[2mms[22m[39m
   [33m[2m✓[22m[39m MyRequestsPage (EMPLOYEE)[2m > [22mshould_cancel_request_when_owner_cancels_pending [33m1122[2mms[22m[39m
   [33m[2m✓[22m[39m MyRequestsPage (EMPLOYEE)[2m > [22mshould_return_409_when_cancel_already_resolved_request [33m730[2mms[22m[39m
   [33m[2m✓[22m[39m MyRequestsPage (EMPLOYEE)[2m > [22mshould_render_pagination_when_more_than_one_page [33m416[2mms[22m[39m
 [32m✓[39m src/pages/AuditPage.test.tsx [2m([22m[2m9 tests[22m[2m)[22m[33m 8459[2mms[22m[39m
   [33m[2m✓[22m[39m AuditPage[2m > [22mshould_render_audit_rows_when_list_loads [33m1724[2mms[22m[39m
   [33m[2m✓[22m[39m AuditPage[2m > [22mshould_request_with_actor_filter_when_typing_actor_id [33m1170[2mms[22m[39m
   [33m[2m✓[22m[39m AuditPage[2m > [22mshould_request_with_action_filter_when_typing_action [33m1899[2mms[22m[39m
   [33m[2m✓[22m[39m AuditPage[2m > [22mshould_request_with_date_window_when_selecting_from_and_to [33m973[2mms[22m[39m
   [33m[2m✓[22m[39m AuditPage[2m > [22mshould_show_window_error_and_skip_request_when_from_after_to [33m821[2mms[22m[39m
   [33m[2m✓[22m[39m AuditPage[2m > [22mshould_show_window_error_when_api_returns_400 [33m367[2mms[22m[39m
   [33m[2m✓[22m[39m AuditPage[2m > [22mshould_show_error_message_when_list_request_fails [33m338[2mms[22m[39m
   [33m[2m✓[22m[39m AuditPage[2m > [22mshould_change_page_when_clicking_next_on_multipage_result [33m866[2mms[22m[39m
 [32m✓[39m src/pages/MyFixedAssignmentsPage.test.tsx [2m([22m[2m5 tests[22m[2m)[22m[33m 4465[2mms[22m[39m
   [33m[2m✓[22m[39m MyFixedAssignmentsPage (EMPLOYEE)[2m > [22mshould_show_own_assignments_read_only_when_employee_opens_view [33m1766[2mms[22m[39m
   [33m[2m✓[22m[39m MyFixedAssignmentsPage (EMPLOYEE)[2m > [22mshould_create_voluntary_release_when_owner_and_future_date [33m1048[2mms[22m[39m
   [33m[2m✓[22m[39m MyFixedAssignmentsPage (EMPLOYEE)[2m > [22mshould_reject_with_400_when_release_date_in_past [33m809[2mms[22m[39m
   [33m[2m✓[22m[39m MyFixedAssignmentsPage (EMPLOYEE)[2m > [22mshould_reject_with_409_when_no_fixed_assignment_for_that_day [33m720[2mms[22m[39m
 [32m✓[39m src/pages/LoginLogsPage.test.tsx [2m([22m[2m7 tests[22m[2m)[22m[33m 7205[2mms[22m[39m
   [33m[2m✓[22m[39m LoginLogsPage[2m > [22mshould_render_login_rows_when_list_loads [33m2035[2mms[22m[39m
   [33m[2m✓[22m[39m LoginLogsPage[2m > [22mshould_return_only_invalid_credentials_when_login_log_filtered_by_result [33m1276[2mms[22m[39m
   [33m[2m✓[22m[39m LoginLogsPage[2m > [22mshould_request_with_date_window_when_selecting_from_and_to [33m1190[2mms[22m[39m
   [33m[2m✓[22m[39m LoginLogsPage[2m > [22mshould_show_window_error_and_skip_request_when_from_after_to [33m998[2mms[22m[39m
   [33m[2m✓[22m[39m LoginLogsPage[2m > [22mshould_change_page_when_clicking_next_on_multipage_result [33m1107[2mms[22m[39m
 [32m✓[39m src/components/DeskFormModal.test.tsx [2m([22m[2m6 tests[22m[2m)[22m[33m 5343[2mms[22m[39m
   [33m[2m✓[22m[39m DeskFormModal[2m > [22mshould_create_desk_when_number_in_range_and_unique [33m1994[2mms[22m[39m
   [33m[2m✓[22m[39m DeskFormModal[2m > [22mshould_show_range_error_when_number_out_of_range [33m659[2mms[22m[39m
   [33m[2m✓[22m[39m DeskFormModal[2m > [22mshould_show_duplicate_error_when_server_returns_409 [33m419[2mms[22m[39m
   [33m[2m✓[22m[39m DeskFormModal[2m > [22mshould_return_400_when_desk_number_out_of_range_from_server [33m589[2mms[22m[39m
   [33m[2m✓[22m[39m DeskFormModal[2m > [22mshould_send_executive_when_category_changed [33m910[2mms[22m[39m
   [33m[2m✓[22m[39m DeskFormModal[2m > [22mshould_update_category_when_admin_edits_existing_desk [33m695[2mms[22m[39m
 [32m✓[39m src/components/ExportMenu.test.tsx [2m([22m[2m6 tests[22m[2m)[22m[33m 2923[2mms[22m[39m
   [33m[2m✓[22m[39m ExportMenu[2m > [22mshould_render_csv_and_xlsx_options_when_role_matches [33m1482[2mms[22m[39m
   [33m[2m✓[22m[39m ExportMenu[2m > [22mshould_trigger_blob_download_when_clicking_a_format [33m433[2mms[22m[39m
   [33m[2m✓[22m[39m ExportMenu[2m > [22mshould_show_rate_limit_toast_when_export_returns_429 [33m313[2mms[22m[39m
   [33m[2m✓[22m[39m ExportMenu[2m > [22mshould_show_generic_error_toast_when_export_fails [33m397[2mms[22m[39m
 [32m✓[39m src/pages/DesksPage.test.tsx [2m([22m[2m9 tests[22m[2m)[22m[33m 5497[2mms[22m[39m
   [33m[2m✓[22m[39m DesksPage[2m > [22mshould_render_desk_rows_when_list_loads [33m1678[2mms[22m[39m
   [33m[2m✓[22m[39m DesksPage[2m > [22mshould_open_create_form_when_clicking_new [33m1078[2mms[22m[39m
   [33m[2m✓[22m[39m DesksPage[2m > [22mshould_open_edit_form_prefilled_when_clicking_edit [33m584[2mms[22m[39m
   [33m[2m✓[22m[39m DesksPage[2m > [22mshould_deactivate_desk_when_toggling_active [33m345[2mms[22m[39m
   [33m[2m✓[22m[39m DesksPage[2m > [22mshould_activate_desk_when_toggling_inactive [33m393[2mms[22m[39m
   [33m[2m✓[22m[39m DesksPage[2m > [22mshould_request_inactive_filter_when_selecting_inactive [33m555[2mms[22m[39m
   [33m[2m✓[22m[39m DesksPage[2m > [22mshould_show_error_message_when_list_request_fails [33m335[2mms[22m[39m
 [32m✓[39m src/components/EmployeeFormModal.test.tsx [2m([22m[2m5 tests[22m[2m)[22m[33m 9711[2mms[22m[39m
   [33m[2m✓[22m[39m EmployeeFormModal[2m > [22mshould_create_employee_when_form_is_valid [33m3682[2mms[22m[39m
   [33m[2m✓[22m[39m EmployeeFormModal[2m > [22mshould_show_login_error_when_create_returns_409_duplicate_login [33m2873[2mms[22m[39m
   [33m[2m✓[22m[39m EmployeeFormModal[2m > [22mshould_show_email_error_when_create_returns_409_duplicate_email [33m2030[2mms[22m[39m
   [33m[2m✓[22m[39m EmployeeFormModal[2m > [22mshould_update_employee_when_editing_valid_data [33m792[2mms[22m[39m
 [32m✓[39m src/components/ParkingSpaceFormModal.test.tsx [2m([22m[2m5 tests[22m[2m)[22m[33m 4725[2mms[22m[39m
   [33m[2m✓[22m[39m ParkingSpaceFormModal[2m > [22mshould_create_space_when_form_is_valid [33m1605[2mms[22m[39m
   [33m[2m✓[22m[39m ParkingSpaceFormModal[2m > [22mshould_show_label_error_when_create_returns_409_duplicate_label [33m961[2mms[22m[39m
   [33m[2m✓[22m[39m ParkingSpaceFormModal[2m > [22mshould_show_field_error_when_create_returns_400_validation [33m1239[2mms[22m[39m
   [33m[2m✓[22m[39m ParkingSpaceFormModal[2m > [22mshould_update_space_and_toggle_active_when_editing [33m602[2mms[22m[39m
 [32m✓[39m src/components/VisitorFormModal.test.tsx [2m([22m[2m4 tests[22m[2m)[22m[33m 5279[2mms[22m[39m
   [33m[2m✓[22m[39m VisitorFormModal[2m > [22mshould_create_visitor_when_nationalId_is_unique [33m3053[2mms[22m[39m
   [33m[2m✓[22m[39m VisitorFormModal[2m > [22mshould_show_inline_error_when_nationalId_is_duplicate_409 [33m1105[2mms[22m[39m
   [33m[2m✓[22m[39m VisitorFormModal[2m > [22mshould_update_visitor_when_editing_existing_card [33m868[2mms[22m[39m
 [32m✓[39m src/pages/AdministrativeReleasesPage.test.tsx [2m([22m[2m3 tests[22m[2m)[22m[33m 7790[2mms[22m[39m
   [33m[2m✓[22m[39m AdministrativeReleasesPage (ADMIN)[2m > [22mshould_create_administrative_release_when_admin_and_reason_present [33m4421[2mms[22m[39m
   [33m[2m✓[22m[39m AdministrativeReleasesPage (ADMIN)[2m > [22mshould_reject_when_administrative_release_missing_reason [33m1452[2mms[22m[39m
   [33m[2m✓[22m[39m AdministrativeReleasesPage (ADMIN)[2m > [22mshould_surface_conflict_when_server_returns_409 [33m1865[2mms[22m[39m
 [32m✓[39m src/components/VisitorReservationModal.test.tsx [2m([22m[2m4 tests[22m[2m)[22m[33m 7003[2mms[22m[39m
   [33m[2m✓[22m[39m VisitorReservationModal[2m > [22mshould_create_reservation_when_space_is_available_for_date [33m3693[2mms[22m[39m
   [33m[2m✓[22m[39m VisitorReservationModal[2m > [22mshould_show_inline_error_when_space_is_already_occupied_409 [33m1429[2mms[22m[39m
   [33m[2m✓[22m[39m VisitorReservationModal[2m > [22mshould_show_required_error_when_submitting_without_fields [33m831[2mms[22m[39m
   [33m[2m✓[22m[39m VisitorReservationModal[2m > [22mshould_preselect_and_lock_visitor_when_opened_from_visitor_row [33m1018[2mms[22m[39m
 [32m✓[39m src/components/CreateRequestModal.test.tsx [2m([22m[2m4 tests[22m[2m)[22m[33m 7773[2mms[22m[39m
   [33m[2m✓[22m[39m CreateRequestModal (unified request)[2m > [22mshould_post_only_parking_request_when_only_parking_selected [33m3334[2mms[22m[39m
   [33m[2m✓[22m[39m CreateRequestModal (unified request)[2m > [22mshould_post_desk_request_when_only_desk_selected [33m1572[2mms[22m[39m
   [33m[2m✓[22m[39m CreateRequestModal (unified request)[2m > [22mshould_post_both_requests_when_parking_and_desk_selected [33m1255[2mms[22m[39m
   [33m[2m✓[22m[39m CreateRequestModal (unified request)[2m > [22mshould_show_error_when_no_resource_selected [33m1581[2mms[22m[39m
 [32m✓[39m src/pages/MyReleasesPage.test.tsx [2m([22m[2m5 tests[22m[2m)[22m[33m 5411[2mms[22m[39m
   [33m[2m✓[22m[39m MyReleasesPage (EMPLOYEE)[2m > [22mshould_list_only_own_releases_when_employee_requests_mine [33m1511[2mms[22m[39m
   [33m[2m✓[22m[39m MyReleasesPage (EMPLOYEE)[2m > [22mshould_cancel_release_when_future_and_own [33m1967[2mms[22m[39m
   [33m[2m✓[22m[39m MyReleasesPage (EMPLOYEE)[2m > [22mshould_disable_cancel_when_release_is_past [33m527[2mms[22m[39m
   [33m[2m✓[22m[39m MyReleasesPage (EMPLOYEE)[2m > [22mshould_reject_with_403_when_cancelling_release_of_another_employee [33m1105[2mms[22m[39m
 [32m✓[39m src/pages/ParkingSpacesPage.test.tsx [2m([22m[2m5 tests[22m[2m)[22m[33m 4194[2mms[22m[39m
   [33m[2m✓[22m[39m ParkingSpacesPage[2m > [22mshould_render_space_rows_when_list_loads [33m1476[2mms[22m[39m
   [33m[2m✓[22m[39m ParkingSpacesPage[2m > [22mshould_request_active_filter_when_selecting_active [33m1181[2mms[22m[39m
   [33m[2m✓[22m[39m ParkingSpacesPage[2m > [22mshould_open_edit_form_prefilled_when_clicking_edit [33m634[2mms[22m[39m
   [33m[2m✓[22m[39m ParkingSpacesPage[2m > [22mshould_change_page_when_clicking_next_on_multipage_result [33m611[2mms[22m[39m
 [32m✓[39m src/api/apiClient.test.ts [2m([22m[2m6 tests[22m[2m)[22m[33m 674[2mms[22m[39m
   [33m[2m✓[22m[39m apiClient interceptor[2m > [22mshould_emit_session_expired_when_401_with_active_session [33m387[2mms[22m[39m
 [32m✓[39m src/pages/AdminCalendarPage.test.tsx [2m([22m[2m4 tests[22m[2m)[22m[33m 3535[2mms[22m[39m
   [33m[2m✓[22m[39m AdminCalendarPage (ADMIN grid)[2m > [22mshould_renderCellsPerState_when_calendarLoaded [33m2018[2mms[22m[39m
   [33m[2m✓[22m[39m AdminCalendarPage (ADMIN grid)[2m > [22mshould_requestAdjacentWeeks_when_navigating [33m1089[2mms[22m[39m
[90mstderr[2m | src/App.test.tsx[2m > [22m[2mApp composition (rutas + SessionExpiredModal)[2m > [22m[2mshould_open_modal_and_return_to_login_when_active_session_expires
[22m[39mWarning: An update to SessionExpiredModal inside a test was not wrapped in act(...).

When testing, code that causes React state updates should be wrapped into act(...):

act(() => {
  /* fire events that update state */
});
/* assert on the output */

This ensures that you're testing the behavior the user would see in the browser. Learn more at https://reactjs.org/link/wrap-tests-with-act
    at SessionExpiredModal (C:\tmp\pk-shell73\frontend\src\components\SessionExpiredModal.tsx:20:39)
    at AuthProvider (C:\tmp\pk-shell73\frontend\src\auth\AuthProvider.tsx:17:25)
    at Router (C:\tmp\pk-shell73\frontend\node_modules\react-router\dist\umd\react-router.development.js:1203:17)
    at BrowserRouter (C:\tmp\pk-shell73\frontend\node_modules\react-router-dom\dist\umd\react-router-dom.development.js:688:7)
    at ThemeProvider (C:\tmp\pk-shell73\frontend\src\theme\ThemeProvider.tsx:10:26)
    at I18nextProvider (file:///C:/tmp/pk-shell73/frontend/node_modules/react-i18next/dist/es/I18nextProvider.js:4:3)
    at QueryClientProvider (file:///C:/tmp/pk-shell73/frontend/node_modules/@tanstack/react-query/build/modern/QueryClientProvider.js:20:3)
    at App (C:\tmp\pk-shell73\frontend\src\App.tsx:24:47)

 [32m✓[39m src/App.test.tsx [2m([22m[2m3 tests[22m[2m)[22m[33m 5197[2mms[22m[39m
   [33m[2m✓[22m[39m App composition (rutas + SessionExpiredModal)[2m > [22mshould_show_only_inline_error_without_modal_when_login_fails [33m3373[2mms[22m[39m
   [33m[2m✓[22m[39m App composition (rutas + SessionExpiredModal)[2m > [22mshould_redirect_to_login_without_modal_when_anonymous_boot [33m382[2mms[22m[39m
   [33m[2m✓[22m[39m App composition (rutas + SessionExpiredModal)[2m > [22mshould_open_modal_and_return_to_login_when_active_session_expires [33m1396[2mms[22m[39m
 [32m✓[39m src/auth/ProtectedRoute.test.tsx [2m([22m[2m6 tests[22m[2m)[22m[33m 1174[2mms[22m[39m
   [33m[2m✓[22m[39m ProtectedRoute[2m > [22mshould_redirect_to_login_when_no_session [33m706[2mms[22m[39m
 [32m✓[39m src/components/ConfigureParkingCard.test.tsx [2m([22m[2m3 tests[22m[2m)[22m[33m 2464[2mms[22m[39m
   [33m[2m✓[22m[39m ConfigureParkingCard[2m > [22mshould_send_total_when_admin_configures_spaces [33m1679[2mms[22m[39m
   [33m[2m✓[22m[39m ConfigureParkingCard[2m > [22mshould_show_error_when_configure_returns_400 [33m389[2mms[22m[39m
   [33m[2m✓[22m[39m ConfigureParkingCard[2m > [22mshould_reject_negative_total_without_calling_server [33m359[2mms[22m[39m
 [32m✓[39m src/hooks/useFloorPlanViewport.test.ts [2m([22m[2m5 tests[22m[2m)[22m[33m 430[2mms[22m[39m
 [32m✓[39m src/utils/floorPlan.test.ts [2m([22m[2m9 tests[22m[2m)[22m[90m 94[2mms[22m[39m
 [32m✓[39m src/pages/MyWeekPage.test.tsx [2m([22m[2m4 tests[22m[2m)[22m[33m 1893[2mms[22m[39m
   [33m[2m✓[22m[39m MyWeekPage (EMPLOYEE)[2m > [22mshould_renderOwnWeek_when_myWeekLoaded [33m1089[2mms[22m[39m
   [33m[2m✓[22m[39m MyWeekPage (EMPLOYEE)[2m > [22mshould_showError_when_myWeekRequestFails [33m315[2mms[22m[39m
 [32m✓[39m src/api/releasesApi.test.ts [2m([22m[2m4 tests[22m[2m)[22m[33m 497[2mms[22m[39m
   [33m[2m✓[22m[39m releasesApi[2m > [22mshould_send_page_params_when_listMyReleases_called_with_paging [33m327[2mms[22m[39m
 [32m✓[39m src/api/requestsApi.test.ts [2m([22m[2m7 tests[22m[2m)[22m[33m 2274[2mms[22m[39m
   [33m[2m✓[22m[39m requestsApi[2m > [22mshould_send_status_filter_when_listMyRequests_called_with_status [33m541[2mms[22m[39m
   [33m[2m✓[22m[39m requestsApi[2m > [22mshould_request_pending_page_when_listPendingRequests_called [33m393[2mms[22m[39m
   [33m[2m✓[22m[39m requestsApi[2m > [22mshould_fetch_detail_when_getRequest_called [33m310[2mms[22m[39m
   [33m[2m✓[22m[39m requestsApi[2m > [22mshould_send_reason_when_rejectRequest_called [33m361[2mms[22m[39m
 [32m✓[39m src/components/ExportMyDataButton.test.tsx [2m([22m[2m3 tests[22m[2m)[22m[33m 2105[2mms[22m[39m
   [33m[2m✓[22m[39m ExportMyDataButton[2m > [22mshould_export_own_data_when_employee_clicks [33m1800[2mms[22m[39m
 [32m✓[39m src/api/exportApi.test.ts [2m([22m[2m3 tests[22m[2m)[22m[33m 651[2mms[22m[39m
   [33m[2m✓[22m[39m runExport[2m > [22mshould_request_with_format_param_when_exporting [33m479[2mms[22m[39m
 [32m✓[39m src/routes/calendarRbac.test.tsx [2m([22m[2m5 tests[22m[2m)[22m[33m 5052[2mms[22m[39m
   [33m[2m✓[22m[39m Calendar / Availability RBAC[2m > [22mshould_renderAdminCalendar_when_adminOpensCalendarRoute [33m2645[2mms[22m[39m
   [33m[2m✓[22m[39m Calendar / Availability RBAC[2m > [22mshould_renderAvailability_when_adminOpensAvailabilityRoute [33m1236[2mms[22m[39m
   [33m[2m✓[22m[39m Calendar / Availability RBAC[2m > [22mshould_redirectToLogin_when_employeeOpensAdminCalendarRoute [33m350[2mms[22m[39m
   [33m[2m✓[22m[39m Calendar / Availability RBAC[2m > [22mshould_renderMyWeek_when_employeeOpensMyWeekRoute [33m540[2mms[22m[39m
 [32m✓[39m src/components/SessionExpiredModal.test.tsx [2m([22m[2m2 tests[22m[2m)[22m[33m 2106[2mms[22m[39m
   [33m[2m✓[22m[39m SessionExpiredModal[2m > [22mshould_open_modal_when_session_expired_event [33m1371[2mms[22m[39m
   [33m[2m✓[22m[39m SessionExpiredModal[2m > [22mshould_clear_session_and_navigate_to_login_when_closed [33m659[2mms[22m[39m
 [32m✓[39m src/routes/fixedAssignmentsRbac.test.tsx [2m([22m[2m4 tests[22m[2m)[22m[33m 3952[2mms[22m[39m
   [33m[2m✓[22m[39m Fixed assignments RBAC[2m > [22mshould_render_admin_view_when_admin_opens_fixed_assignments_route [33m2921[2mms[22m[39m
   [33m[2m✓[22m[39m Fixed assignments RBAC[2m > [22mshould_redirect_to_login_when_employee_opens_admin_fixed_assignments_route [33m483[2mms[22m[39m
 [32m✓[39m src/routes/releasesRbac.test.tsx [2m([22m[2m4 tests[22m[2m)[22m[33m 4822[2mms[22m[39m
   [33m[2m✓[22m[39m Releases RBAC[2m > [22mshould_render_admin_release_panel_when_admin_opens_admin_releases_route [33m2784[2mms[22m[39m
   [33m[2m✓[22m[39m Releases RBAC[2m > [22mshould_redirect_to_login_when_employee_opens_admin_releases_route [33m604[2mms[22m[39m
   [33m[2m✓[22m[39m Releases RBAC[2m > [22mshould_render_my_releases_when_employee_opens_employee_releases_route [33m949[2mms[22m[39m
   [33m[2m✓[22m[39m Releases RBAC[2m > [22mshould_redirect_to_login_when_admin_opens_employee_releases_route [33m448[2mms[22m[39m
 [32m✓[39m src/components/CancelVisitorReservationModal.test.tsx [2m([22m[2m2 tests[22m[2m)[22m[33m 2244[2mms[22m[39m
   [33m[2m✓[22m[39m CancelVisitorReservationModal[2m > [22mshould_cancel_reservation_when_confirming_future_reservation [33m1626[2mms[22m[39m
   [33m[2m✓[22m[39m CancelVisitorReservationModal[2m > [22mshould_show_toast_when_cancelling_past_reservation_returns_400 [33m577[2mms[22m[39m
 [32m✓[39m src/routes/requestsRbac.test.tsx [2m([22m[2m4 tests[22m[2m)[22m[33m 3933[2mms[22m[39m
   [33m[2m✓[22m[39m Requests RBAC[2m > [22mshould_render_pending_inbox_when_admin_opens_admin_requests_route [33m2702[2mms[22m[39m
   [33m[2m✓[22m[39m Requests RBAC[2m > [22mshould_redirect_to_login_when_employee_opens_admin_requests_route [33m462[2mms[22m[39m
   [33m[2m✓[22m[39m Requests RBAC[2m > [22mshould_render_my_requests_when_employee_opens_employee_requests_route [33m488[2mms[22m[39m
 [32m✓[39m src/pages/LoginPage.test.tsx [2m([22m[2m3 tests[22m[2m)[22m[33m 4623[2mms[22m[39m
   [33m[2m✓[22m[39m LoginPage[2m > [22mshould_render_form [33m1446[2mms[22m[39m
   [33m[2m✓[22m[39m LoginPage[2m > [22mshould_redirect_by_role_on_success [33m1554[2mms[22m[39m
   [33m[2m✓[22m[39m LoginPage[2m > [22mshould_show_inline_error_when_credentials_invalid [33m1537[2mms[22m[39m
 [32m✓[39m src/pages/AvailabilityPage.test.tsx [2m([22m[2m4 tests[22m[2m)[22m[33m 2556[2mms[22m[39m
   [33m[2m✓[22m[39m AvailabilityPage (ADMIN)[2m > [22mshould_listAvailableSpaces_when_dateSelected [33m1097[2mms[22m[39m
   [33m[2m✓[22m[39m AvailabilityPage (ADMIN)[2m > [22mshould_showEmptyState_when_noSpacesAvailable [33m324[2mms[22m[39m
   [33m[2m✓[22m[39m AvailabilityPage (ADMIN)[2m > [22mshould_showValidationHint_when_dateClearedOrInvalid [33m830[2mms[22m[39m
 [32m✓[39m src/routes/auditRbac.test.tsx [2m([22m[2m4 tests[22m[2m)[22m[33m 4751[2mms[22m[39m
   [33m[2m✓[22m[39m Audit and LoginLogs RBAC[2m > [22mshould_render_audit_view_when_admin_opens_route [33m2680[2mms[22m[39m
   [33m[2m✓[22m[39m Audit and LoginLogs RBAC[2m > [22mshould_render_login_logs_view_when_admin_opens_route [33m1387[2mms[22m[39m
   [33m[2m✓[22m[39m Audit and LoginLogs RBAC[2m > [22mshould_redirect_to_login_when_employee_opens_audit_route [33m411[2mms[22m[39m
 [32m✓[39m src/pages/ChangePasswordPage.test.tsx [2m([22m[2m2 tests[22m[2m)[22m[33m 5109[2mms[22m[39m
   [33m[2m✓[22m[39m ChangePasswordPage[2m > [22mshould_validate_policy_before_submit [33m2380[2mms[22m[39m
   [33m[2m✓[22m[39m ChangePasswordPage[2m > [22mshould_submit_when_policy_met [33m2675[2mms[22m[39m
 [32m✓[39m src/api/floorPlanApi.test.ts [2m([22m[2m3 tests[22m[2m)[22m[33m 499[2mms[22m[39m
   [33m[2m✓[22m[39m floorPlanApi[2m > [22mshould_send_date_query_param_when_getting_floor_plan [33m378[2mms[22m[39m
 [32m✓[39m src/components/ResourceAvailabilityBanner.test.tsx [2m([22m[2m3 tests[22m[2m)[22m[33m 1219[2mms[22m[39m
   [33m[2m✓[22m[39m ResourceAvailabilityBanner[2m > [22mshould_show_the_available_count_for_the_resource [33m827[2mms[22m[39m
 [32m✓[39m src/api/fixedAssignmentsApi.test.ts [2m([22m[2m4 tests[22m[2m)[22m[33m 1239[2mms[22m[39m
   [33m[2m✓[22m[39m fixedAssignmentsApi[2m > [22mshould_send_page_and_size_when_listing_fixed_assignments [33m349[2mms[22m[39m
   [33m[2m✓[22m[39m fixedAssignmentsApi[2m > [22mshould_return_employee_assignments_when_getting_by_employee_id [33m505[2mms[22m[39m
 [32m✓[39m src/components/AppHeader.test.tsx [2m([22m[2m2 tests[22m[2m)[22m[33m 2008[2mms[22m[39m
   [33m[2m✓[22m[39m AppHeader[2m > [22mshould_render_brand_and_page_title [33m800[2mms[22m[39m
   [33m[2m✓[22m[39m AppHeader[2m > [22mshould_call_logout_when_logout_clicked [33m1112[2mms[22m[39m
 [32m✓[39m src/components/FloorPlanFilters.test.tsx [2m([22m[2m4 tests[22m[2m)[22m[33m 2332[2mms[22m[39m
   [33m[2m✓[22m[39m FloorPlanFilters[2m > [22mshould_render_a_count_per_state_chip [33m1416[2mms[22m[39m
   [33m[2m✓[22m[39m FloorPlanFilters[2m > [22mshould_toggle_a_filter_when_a_chip_is_clicked [33m391[2mms[22m[39m
 [32m✓[39m src/components/FloorPlanSidePanel.test.tsx [2m([22m[2m4 tests[22m[2m)[22m[33m 2407[2mms[22m[39m
   [33m[2m✓[22m[39m FloorPlanSidePanel[2m > [22mshould_list_every_desk_by_number [33m1139[2mms[22m[39m
   [33m[2m✓[22m[39m FloorPlanSidePanel[2m > [22mshould_filter_the_list_by_desk_number_search [33m606[2mms[22m[39m
   [33m[2m✓[22m[39m FloorPlanSidePanel[2m > [22mshould_show_empty_message_when_no_desk_matches [33m374[2mms[22m[39m
 [32m✓[39m src/components/ResetPasswordModal.test.tsx [2m([22m[2m2 tests[22m[2m)[22m[33m 1631[2mms[22m[39m
   [33m[2m✓[22m[39m ResetPasswordModal[2m > [22mshould_show_temp_password_once_when_resetting_in_phase1 [33m1331[2mms[22m[39m
 [32m✓[39m src/components/FloorPlanMobileList.test.tsx [2m([22m[2m4 tests[22m[2m)[22m[33m 1874[2mms[22m[39m
   [33m[2m✓[22m[39m FloorPlanMobileList[2m > [22mshould_list_only_free_desks_with_a_request_button [33m1100[2mms[22m[39m
   [33m[2m✓[22m[39m FloorPlanMobileList[2m > [22mshould_call_onRequest_with_the_desk_when_row_button_clicked [33m401[2mms[22m[39m
 [32m✓[39m src/components/FloorPlanZoom.test.tsx [2m([22m[2m3 tests[22m[2m)[22m[33m 2511[2mms[22m[39m
   [33m[2m✓[22m[39m FloorPlanZoom[2m > [22mshould_fire_zoom_and_reset_callbacks [33m2030[2mms[22m[39m
 [32m✓[39m src/utils/download.test.ts [2m([22m[2m5 tests[22m[2m)[22m[90m 108[2mms[22m[39m
 [32m✓[39m src/utils/calendar.test.ts [2m([22m[2m7 tests[22m[2m)[22m[90m 78[2mms[22m[39m
 [32m✓[39m src/components/FloorPlanDatebar.test.tsx [2m([22m[2m3 tests[22m[2m)[22m[33m 2062[2mms[22m[39m
   [33m[2m✓[22m[39m FloorPlanDatebar[2m > [22mshould_show_the_booking_window_hint [33m798[2mms[22m[39m
   [33m[2m✓[22m[39m FloorPlanDatebar[2m > [22mshould_disable_previous_and_today_when_date_is_today [33m556[2mms[22m[39m
   [33m[2m✓[22m[39m FloorPlanDatebar[2m > [22mshould_navigate_to_next_and_previous_day_within_window [33m609[2mms[22m[39m
